[htmldemo.net/notron/notron/index.html]
[backblue.gif]
[fade.gif]
[index.html]
[htmldemo.net/notron/notron/assets/img/favicon.ico]
[htmldemo.net/notron/notron/assets/css/plugins.css]
[htmldemo.net/notron/notron/assets/css/style.css]
[htmldemo.net/notron/notron/assets/img/logo/logo.webp]
[htmldemo.net/notron/notron/checkout.html]
[htmldemo.net/notron/notron/my-account.html]
[htmldemo.net/notron/notron/cart.html]
[htmldemo.net/notron/notron/wishlist.html]
[htmldemo.net/notron/notron/assets/img/s-product/product.webp]
[htmldemo.net/notron/notron/assets/img/s-product/product2.webp]
[htmldemo.net/notron/notron/index-2.html]
[htmldemo.net/notron/notron/index-3.html]
[htmldemo.net/notron/notron/index-4.html]
[htmldemo.net/notron/notron/shop.html]
[htmldemo.net/notron/notron/shop-fullwidth.html]
[htmldemo.net/notron/notron/shop-fullwidth-list.html]
[htmldemo.net/notron/notron/shop-right-sidebar.html]
[htmldemo.net/notron/notron/shop-right-sidebar-list.html]
[htmldemo.net/notron/notron/shop-list.html]
[htmldemo.net/notron/notron/404.html]
[htmldemo.net/notron/notron/product-details.html]
[htmldemo.net/notron/notron/product-sidebar.html]
[htmldemo.net/notron/notron/product-grouped.html]
[htmldemo.net/notron/notron/variable-product.html]
[htmldemo.net/notron/notron/blog.html]
[htmldemo.net/notron/notron/blog-details.html]
[htmldemo.net/notron/notron/blog-fullwidth.html]
[htmldemo.net/notron/notron/blog-sidebar.html]
[htmldemo.net/notron/notron/about.html]
[htmldemo.net/notron/notron/services.html]
[htmldemo.net/notron/notron/faq.html]
[htmldemo.net/notron/notron/contact.html]
[htmldemo.net/notron/notron/login.html]
[htmldemo.net/notron/notron/assets/img/about/shipping1.webp]
[htmldemo.net/notron/notron/assets/img/about/shipping2.webp]
[htmldemo.net/notron/notron/assets/img/about/shipping3.webp]
[htmldemo.net/notron/notron/assets/img/bg/banner1.webp]
[htmldemo.net/notron/notron/assets/img/bg/banner2.webp]
[htmldemo.net/notron/notron/assets/img/product/product1.webp]
[htmldemo.net/notron/notron/assets/img/product/product2.webp]
[htmldemo.net/notron/notron/assets/img/product/product3.webp]
[htmldemo.net/notron/notron/assets/img/product/product4.webp]
[htmldemo.net/notron/notron/assets/img/product/product5.webp]
[htmldemo.net/notron/notron/assets/img/product/product6.webp]
[htmldemo.net/notron/notron/assets/img/product/product7.webp]
[htmldemo.net/notron/notron/assets/img/product/product8.webp]
[htmldemo.net/notron/notron/assets/img/product/product10.webp]
[htmldemo.net/notron/notron/assets/img/product/product9.webp]
[htmldemo.net/notron/notron/assets/img/product/product11.webp]
[htmldemo.net/notron/notron/assets/img/product/product12.webp]
[htmldemo.net/notron/notron/assets/img/product/product13.webp]
[htmldemo.net/notron/notron/assets/img/product/product14.webp]
[htmldemo.net/notron/notron/assets/img/product/product15.webp]
[htmldemo.net/notron/notron/assets/img/product/product16.webp]
[htmldemo.net/notron/notron/assets/img/product/product17.webp]
[htmldemo.net/notron/notron/assets/img/product/product18.webp]
[htmldemo.net/notron/notron/assets/img/product/product19.webp]
[htmldemo.net/notron/notron/assets/img/product/product20.webp]
[htmldemo.net/notron/notron/assets/img/product/product21.webp]
[htmldemo.net/notron/notron/assets/img/product/product22.webp]
[htmldemo.net/notron/notron/assets/img/bg/banner3.webp]
[htmldemo.net/notron/notron/assets/img/bg/banner4.webp]
[htmldemo.net/notron/notron/assets/img/bg/banner5.webp]
[htmldemo.net/notron/notron/assets/img/bg/banner6.webp]
[htmldemo.net/notron/notron/assets/img/bg/banner7.webp]
[htmldemo.net/notron/notron/assets/img/category/category1.webp]
[htmldemo.net/notron/notron/assets/img/category/category2.webp]
[htmldemo.net/notron/notron/assets/img/category/category3.webp]
[htmldemo.net/notron/notron/assets/img/category/category4.webp]
[htmldemo.net/notron/notron/assets/img/category/category5.webp]
[htmldemo.net/notron/notron/assets/img/category/category6.webp]
[htmldemo.net/notron/notron/assets/img/category/category7.webp]
[htmldemo.net/notron/notron/assets/img/bg/banner8.webp]
[htmldemo.net/notron/notron/assets/img/brand/brand.webp]
[htmldemo.net/notron/notron/assets/img/brand/brand1.webp]
[htmldemo.net/notron/notron/assets/img/brand/brand2.webp]
[htmldemo.net/notron/notron/assets/img/brand/brand3.webp]
[htmldemo.net/notron/notron/assets/img/brand/brand4.webp]
[htmldemo.net/notron/notron/assets/img/brand/brand5.webp]
[htmldemo.net/notron/notron/assets/img/blog/blog1.webp]
[htmldemo.net/notron/notron/assets/img/blog/blog2.webp]
[htmldemo.net/notron/notron/assets/img/logo/logo-2.webp]
[htmldemo.net/notron/notron/assets/img/icon/payment.webp]
[htmldemo.net/notron/notron/assets/js/plugins.js]
[htmldemo.net/notron/notron/index.html]
[htmldemo.net/notron/notron/assets/js/main.js]
[htmldemo.net/notron/notron/assets/fonts/fontawesome-webfont3e6e.eot]
[htmldemo.net/notron/notron/assets/fonts/fontawesome-webfontd41d.eot]
[htmldemo.net/notron/notron/assets/fonts/fontawesome-webfont3e6e.woff2]
[htmldemo.net/notron/notron/assets/fonts/fontawesome-webfont3e6e.woff]
[htmldemo.net/notron/notron/assets/fonts/fontawesome-webfont3e6e.ttf]
[htmldemo.net/notron/notron/assets/fonts/fontawesome-webfont3e6e.svg]
[htmldemo.net/notron/notron/assets/img/icon/owl.video.play.webp]
[htmldemo.net/notron/notron/assets/fonts/ionicons28b5.eot]
[htmldemo.net/notron/notron/assets/fonts/ionicons28b5.ttf]
[htmldemo.net/notron/notron/assets/fonts/ionicons28b5.woff]
[htmldemo.net/notron/notron/assets/fonts/Linearicons-Free54e9.eot]
[htmldemo.net/notron/notron/assets/fonts/ionicons28b5.svg]
[htmldemo.net/notron/notron/assets/fonts/Linearicons-Freed41d.eot]
[htmldemo.net/notron/notron/assets/fonts/Linearicons-Free54e9.woff2]
[htmldemo.net/notron/notron/assets/fonts/Linearicons-Free54e9.woff]
[htmldemo.net/notron/notron/assets/fonts/Linearicons-Free54e9.ttf]
[htmldemo.net/notron/notron/assets/css/plugins.css]
[htmldemo.net/notron/notron/assets/fonts/Linearicons-Free54e9.svg]
[htmldemo.net/notron/notron/assets/img/icon/bg_tab.webp]
[htmldemo.net/notron/notron/assets/img/about/testimonial.webp]
[htmldemo.net/notron/notron/assets/img/icon/bkg_grid.webp]
[htmldemo.net/notron/notron/assets/img/icon/bkg_grid_hover.webp]
[htmldemo.net/notron/notron/assets/img/icon/bkg_grid4.webp]
[htmldemo.net/notron/notron/assets/img/icon/bkg_grid4_hover.webp]
[htmldemo.net/notron/notron/assets/img/icon/bkg_list.webp]
[htmldemo.net/notron/notron/assets/img/icon/bkg_list_hover.webp]
[htmldemo.net/notron/notron/assets/css/style.css]
[htmldemo.net/notron/notron/assets/img/icon/papyel.webp]
[htmldemo.net/notron/notron/checkout.html]
[htmldemo.net/notron/notron/my-account.html]
[htmldemo.net/notron/notron/assets/img/s-product/product5.webp]
[htmldemo.net/notron/notron/cart.html]
[htmldemo.net/notron/notron/wishlist.html]
[htmldemo.net/notron/notron/assets/img/logo/logo-3.webp]
[htmldemo.net/notron/notron/assets/img/bg/banner9.webp]
[htmldemo.net/notron/notron/index-2.html]
[htmldemo.net/notron/notron/assets/img/s-product/tab1.webp]
[htmldemo.net/notron/notron/assets/img/s-product/tab2.webp]
[htmldemo.net/notron/notron/assets/img/s-product/tab3.webp]
[htmldemo.net/notron/notron/assets/img/s-product/tab4.webp]
[htmldemo.net/notron/notron/assets/img/s-product/tab5.webp]
[htmldemo.net/notron/notron/assets/img/s-product/tab6.webp]
[htmldemo.net/notron/notron/assets/img/bg/banner10.webp]
[htmldemo.net/notron/notron/index-3.html]
[htmldemo.net/notron/notron/assets/img/bg/banner11.webp]
[htmldemo.net/notron/notron/assets/img/bg/banner12.webp]
[htmldemo.net/notron/notron/assets/img/bg/banner13.webp]
[htmldemo.net/notron/notron/assets/img/bg/banner14.webp]
[htmldemo.net/notron/notron/index-4.html]
[htmldemo.net/notron/notron/assets/img/s-product/product3.webp]
[htmldemo.net/notron/notron/assets/img/s-product/product4.webp]
[htmldemo.net/notron/notron/assets/img/s-product/product6.webp]
[htmldemo.net/notron/notron/assets/img/s-product/product7.webp]
[htmldemo.net/notron/notron/assets/img/bg/banner15.webp]
[htmldemo.net/notron/notron/shop.html]
[htmldemo.net/notron/notron/shop-fullwidth.html]
[htmldemo.net/notron/notron/shop-fullwidth-list.html]
[htmldemo.net/notron/notron/shop-right-sidebar.html]
[htmldemo.net/notron/notron/shop-right-sidebar-list.html]
[htmldemo.net/notron/notron/shop-list.html]
[htmldemo.net/notron/notron/404.html]
[htmldemo.net/notron/notron/assets/img/blog/comment2.webp]
[htmldemo.net/notron/notron/product-details.html]
[htmldemo.net/notron/notron/product-sidebar.html]
[htmldemo.net/notron/notron/product-grouped.html]
[htmldemo.net/notron/notron/variable-product.html]
[htmldemo.net/notron/notron/assets/img/blog/blog6.webp]
[htmldemo.net/notron/notron/assets/img/blog/blog7.webp]
[htmldemo.net/notron/notron/assets/img/blog/blog8.webp]
[htmldemo.net/notron/notron/assets/img/blog/blog9.webp]
[htmldemo.net/notron/notron/assets/img/blog/blog12.webp]
[htmldemo.net/notron/notron/assets/img/blog/blog13.webp]
[htmldemo.net/notron/notron/assets/img/blog/blog14.webp]
[htmldemo.net/notron/notron/assets/img/blog/blog15.webp]
[htmldemo.net/notron/notron/assets/img/blog/comment.webp]
[htmldemo.net/notron/notron/blog.html]
[htmldemo.net/notron/notron/assets/img/blog/blog-big1.webp]
[htmldemo.net/notron/notron/assets/img/blog/blog3.webp]
[htmldemo.net/notron/notron/assets/img/blog/blog4.webp]
[htmldemo.net/notron/notron/assets/img/blog/blog5.webp]
[htmldemo.net/notron/notron/assets/img/blog/comment3.webp.webp]
[htmldemo.net/notron/notron/blog-details.html]
[htmldemo.net/notron/notron/assets/img/blog/blog-big2.webp]
[htmldemo.net/notron/notron/assets/img/blog/blog-big3.webp]
[htmldemo.net/notron/notron/assets/img/blog/blog-big4.webp]
[htmldemo.net/notron/notron/blog-fullwidth.html]
[htmldemo.net/notron/notron/blog-sidebar.html]
[htmldemo.net/notron/notron/assets/img/about/about1.webp]
[htmldemo.net/notron/notron/assets/img/about/count.webp]
[htmldemo.net/notron/notron/assets/img/about/count2.webp]
[htmldemo.net/notron/notron/assets/img/about/count3.webp]
[htmldemo.net/notron/notron/assets/img/about/count4.webp]
[htmldemo.net/notron/notron/assets/img/about/about2.webp]
[htmldemo.net/notron/notron/about.html]
[htmldemo.net/notron/notron/assets/img/service/services1.webp]
[htmldemo.net/notron/notron/assets/img/service/services2.webp]
[htmldemo.net/notron/notron/assets/img/service/services3.webp]
[htmldemo.net/notron/notron/assets/img/service/services4.webp]
[htmldemo.net/notron/notron/services.html]
[htmldemo.net/notron/notron/faq.html]
[htmldemo.net/notron/notron/contact.html]
[htmldemo.net/notron/notron/login.html]
[htmldemo.net/notron/notron/assets/fonts/fontawesome-webfont3e6e.svg]
[htmldemo.net/notron/notron/assets/fonts/ionicons28b5.svg]
[htmldemo.net/notron/notron/assets/fonts/Linearicons-Free54e9.svg]
[htmldemo.net/notron/notron/assets/img/blog/comment3.webp.html]
[htmldemo.net/notron/notron/assets/js/map.js]
